[ui-themez.smartinnovates.net/items/swoo_html/index.html]
[backblue.gif]
[fade.gif]
[index.html]
[ui-themez.smartinnovates.net/items/swoo_html/preview/assets/img/fav1.png]
[cdn.jsdelivr.net/npm/bootstrap-icons@1.7.2/font/bootstrap-icons.css]
[ui-themez.smartinnovates.net/items/swoo_html/preview/assets/css/lib/bootstrap.min.css]
[ui-themez.smartinnovates.net/items/swoo_html/preview/assets/css/lib/all.min.css]
[ui-themez.smartinnovates.net/items/swoo_html/preview/assets/css/lib/animate.css]
[ui-themez.smartinnovates.net/items/swoo_html/preview/assets/css/lib/swiper8.min.css]
[ui-themez.smartinnovates.net/items/swoo_html/preview/assets/css/lib/ionicons.min.css]
[ui-themez.smartinnovates.net/items/swoo_html/preview/assets/css/lib/pe-icon-7-stroke.css]
[ui-themez.smartinnovates.net/items/swoo_html/preview/assets/css/style.css]
[ui-themez.smartinnovates.net/items/swoo_html/preview/assets/img/demos/1.jpg]
[ui-themez.smartinnovates.net/items/swoo_html/preview/assets/img/demos/2.jpg]
[ui-themez.smartinnovates.net/items/swoo_html/home_electronic/index.html]
[ui-themez.smartinnovates.net/items/swoo_html/preview/assets/img/demos/3.jpg]
[ui-themez.smartinnovates.net/items/swoo_html/home_tech/index.html]
[ui-themez.smartinnovates.net/items/swoo_html/preview/assets/img/demos/4.jpg]
[ui-themez.smartinnovates.net/items/swoo_html/home_baby/index.html]
[ui-themez.smartinnovates.net/items/swoo_html/preview/assets/img/demos/5.jpg]
[ui-themez.smartinnovates.net/items/swoo_html/home_pets/index.html]
[ui-themez.smartinnovates.net/items/swoo_html/preview/assets/img/demos/m.jpg]
[ui-themez.smartinnovates.net/items/swoo_html/preview/assets/img/footer.png]
[ui-themez.smartinnovates.net/items/swoo_html/preview/assets/img/mobile.png]
[ui-themez.smartinnovates.net/items/swoo_html/preview/assets/img/pages/1.jpg]
[ui-themez.smartinnovates.net/items/swoo_html/preview/assets/img/pages/2.jpg]
[ui-themez.smartinnovates.net/items/swoo_html/preview/assets/img/pages/3.jpg]
[ui-themez.smartinnovates.net/items/swoo_html/preview/assets/img/pages/4.jpg]
[ui-themez.smartinnovates.net/items/swoo_html/preview/assets/img/pages/5.jpg]
[ui-themez.smartinnovates.net/items/swoo_html/preview/assets/img/pages/6.jpg]
[ui-themez.smartinnovates.net/items/swoo_html/preview/assets/img/colluction.png]
[ui-themez.smartinnovates.net/items/swoo_html/preview/assets/js/lib/jquery-3.0.0.min.js]
[ui-themez.smartinnovates.net/items/swoo_html/preview/assets/js/lib/jquery-migrate-3.0.0.min.js]
[ui-themez.smartinnovates.net/items/swoo_html/preview/assets/js/lib/bootstrap.bundle.min.js]
[ui-themez.smartinnovates.net/items/swoo_html/preview/assets/js/lib/wow.min.js]
[ui-themez.smartinnovates.net/items/swoo_html/preview/assets/js/lib/swiper8-bundle.min.js]
[ui-themez.smartinnovates.net/items/swoo_html/preview/assets/js/lib/jquery.waypoints.min.js]
[ui-themez.smartinnovates.net/items/swoo_html/preview/assets/js/lib/jquery.counterup.js]
[ui-themez.smartinnovates.net/items/swoo_html/preview/assets/js/lib/parallaxie.js]
[ui-themez.smartinnovates.net/items/swoo_html/preview/assets/js/lib/sticky-kit.min.js]
[ui-themez.smartinnovates.net/items/swoo_html/preview/assets/js/lib/rellax.min.js]
[ui-themez.smartinnovates.net/items/swoo_html/index.html]
[ui-themez.smartinnovates.net/items/swoo_html/preview/assets/img/fav1.html]
[ui-themez.smartinnovates.net/items/swoo_html/preview/assets/js/main.js]
[cdn.jsdelivr.net/npm/bootstrap-icons@1.7.2/font/fonts/bootstrap-iconsf114.woff2]
[cdn.jsdelivr.net/npm/bootstrap-icons@1.7.2/font/fonts/bootstrap-iconsf114.woff]
[cdn.jsdelivr.net/npm/bootstrap-icons@1.7.2/font/bootstrap-icons.css]
[ui-themez.smartinnovates.net/items/swoo_html/preview/assets/css/lib/bootstrap.min.css]
[ui-themez.smartinnovates.net/items/swoo_html/preview/assets/fonts/webfonts/fa-brands-400.eot]
[ui-themez.smartinnovates.net/items/swoo_html/preview/assets/fonts/webfonts/fa-brands-400d41d.eot]
[ui-themez.smartinnovates.net/items/swoo_html/preview/assets/fonts/webfonts/fa-brands-400.woff2]
[ui-themez.smartinnovates.net/items/swoo_html/preview/assets/fonts/webfonts/fa-brands-400.woff]
[ui-themez.smartinnovates.net/items/swoo_html/preview/assets/fonts/webfonts/fa-brands-400.ttf]
[ui-themez.smartinnovates.net/items/swoo_html/preview/assets/fonts/webfonts/fa-brands-400.svg]
[ui-themez.smartinnovates.net/items/swoo_html/preview/assets/fonts/webfonts/fa-duotone-900.eot]
[ui-themez.smartinnovates.net/items/swoo_html/preview/assets/fonts/webfonts/fa-duotone-900d41d.eot]
[ui-themez.smartinnovates.net/items/swoo_html/preview/assets/fonts/webfonts/fa-duotone-900.woff2]
[ui-themez.smartinnovates.net/items/swoo_html/preview/assets/fonts/webfonts/fa-duotone-900.woff]
[ui-themez.smartinnovates.net/items/swoo_html/preview/assets/fonts/webfonts/fa-duotone-900.ttf]
[ui-themez.smartinnovates.net/items/swoo_html/preview/assets/fonts/webfonts/fa-duotone-900.svg]
[ui-themez.smartinnovates.net/items/swoo_html/preview/assets/fonts/webfonts/fa-light-300.eot]
[ui-themez.smartinnovates.net/items/swoo_html/preview/assets/fonts/webfonts/fa-light-300.woff2]
[ui-themez.smartinnovates.net/items/swoo_html/preview/assets/fonts/webfonts/fa-light-300d41d.eot]
[ui-themez.smartinnovates.net/items/swoo_html/preview/assets/fonts/webfonts/fa-light-300.woff]
[ui-themez.smartinnovates.net/items/swoo_html/preview/assets/fonts/webfonts/fa-light-300.ttf]
[ui-themez.smartinnovates.net/items/swoo_html/preview/assets/fonts/webfonts/fa-regular-400.eot]
[ui-themez.smartinnovates.net/items/swoo_html/preview/assets/fonts/webfonts/fa-regular-400d41d.eot]
[ui-themez.smartinnovates.net/items/swoo_html/preview/assets/fonts/webfonts/fa-regular-400.woff2]
[ui-themez.smartinnovates.net/items/swoo_html/preview/assets/fonts/webfonts/fa-light-300.svg]
[ui-themez.smartinnovates.net/items/swoo_html/preview/assets/fonts/webfonts/fa-regular-400.woff]
[ui-themez.smartinnovates.net/items/swoo_html/preview/assets/fonts/webfonts/fa-regular-400.ttf]
[ui-themez.smartinnovates.net/items/swoo_html/preview/assets/fonts/webfonts/fa-regular-400.svg]
[ui-themez.smartinnovates.net/items/swoo_html/preview/assets/fonts/webfonts/fa-solid-900.eot]
[ui-themez.smartinnovates.net/items/swoo_html/preview/assets/fonts/webfonts/fa-solid-900d41d.eot]
[ui-themez.smartinnovates.net/items/swoo_html/preview/assets/fonts/webfonts/fa-solid-900.woff2]
[ui-themez.smartinnovates.net/items/swoo_html/preview/assets/fonts/webfonts/fa-solid-900.woff]
[ui-themez.smartinnovates.net/items/swoo_html/preview/assets/fonts/webfonts/fa-solid-900.ttf]
[ui-themez.smartinnovates.net/items/swoo_html/preview/assets/css/lib/all.min.css]
[ui-themez.smartinnovates.net/items/swoo_html/preview/assets/css/lib/animate.css]
[ui-themez.smartinnovates.net/items/swoo_html/preview/assets/css/lib/swiper8.min.css]
[ui-themez.smartinnovates.net/items/swoo_html/preview/assets/fonts/webfonts/fa-solid-900.svg]
[ui-themez.smartinnovates.net/items/swoo_html/preview/assets/css/fonts/ionicons790f.eot]
[ui-themez.smartinnovates.net/items/swoo_html/preview/assets/css/fonts/ionicons790f.ttf]
[ui-themez.smartinnovates.net/items/swoo_html/preview/assets/css/fonts/ionicons790f.woff]
[ui-themez.smartinnovates.net/items/swoo_html/preview/assets/css/fonts/ionicons790f.svg]
[ui-themez.smartinnovates.net/items/swoo_html/preview/assets/css/lib/ionicons.min.css]
[ui-themez.smartinnovates.net/items/swoo_html/preview/assets/fonts/Pe-icon-7-strokebb1d.eot]
[ui-themez.smartinnovates.net/items/swoo_html/preview/assets/fonts/Pe-icon-7-stroked41d.eot]
[ui-themez.smartinnovates.net/items/swoo_html/preview/assets/fonts/Pe-icon-7-strokebb1d.woff]
[ui-themez.smartinnovates.net/items/swoo_html/preview/assets/fonts/Pe-icon-7-strokebb1d.ttf]
[ui-themez.smartinnovates.net/items/swoo_html/preview/assets/fonts/Pe-icon-7-strokebb1d.svg]
[ui-themez.smartinnovates.net/items/swoo_html/preview/assets/css/lib/pe-icon-7-stroke.css]
[ui-themez.smartinnovates.net/items/swoo_html/preview/assets/img/header/header.png]
[ui-themez.smartinnovates.net/items/swoo_html/preview/assets/img/feat1.png]
[ui-themez.smartinnovates.net/items/swoo_html/preview/assets/img/feat2.png]
[ui-themez.smartinnovates.net/items/swoo_html/preview/assets/img/milestones.png]
[ui-themez.smartinnovates.net/items/swoo_html/preview/assets/img/footer-bg.jpg]
[ui-themez.smartinnovates.net/items/swoo_html/preview/assets/css/style.css]
[ui-themez.smartinnovates.net/items/swoo_html/inner_pages/about.html]
[ui-themez.smartinnovates.net/items/swoo_html/inner_pages/contact.html]
[ui-themez.smartinnovates.net/items/swoo_html/inner_pages/login.html]
[ui-themez.smartinnovates.net/items/swoo_html/inner_pages/profile.html]
[ui-themez.smartinnovates.net/items/swoo_html/inner_pages/register.html]
[ui-themez.smartinnovates.net/items/swoo_html/inner_pages/products.html]
[ui-themez.smartinnovates.net/items/swoo_html/inner_pages/products_layout_2.html]
[ui-themez.smartinnovates.net/items/swoo_html/inner_pages/cart.html]
[ui-themez.smartinnovates.net/items/swoo_html/inner_pages/checkout.html]
[ui-themez.smartinnovates.net/items/swoo_html/inner_pages/single_product.html]
[ui-themez.smartinnovates.net/items/swoo_html/inner_pages/single_product_pay.html]
[ui-themez.smartinnovates.net/items/swoo_html/home_lighting/index.html]
[ui-themez.smartinnovates.net/items/swoo_html/home_electronic/assets/img/fav.png]
[ui-themez.smartinnovates.net/items/swoo_html/home_electronic/assets/css/home_1_style.css]
[ui-themez.smartinnovates.net/items/swoo_html/home_electronic/assets/img/logo.png]
[ui-themez.smartinnovates.net/items/swoo_html/home_electronic/assets/img/eng.png]
[ui-themez.smartinnovates.net/items/swoo_html/home_electronic/assets/img/cat/cat1.png]
[ui-themez.smartinnovates.net/items/swoo_html/home_electronic/assets/img/cat/cat2.png]
[ui-themez.smartinnovates.net/items/swoo_html/home_electronic/assets/img/cat/cat3.png]
[ui-themez.smartinnovates.net/items/swoo_html/home_electronic/assets/img/cat/cat4.png]
[ui-themez.smartinnovates.net/items/swoo_html/home_electronic/assets/img/cat/cat5.png]
[ui-themez.smartinnovates.net/items/swoo_html/home_electronic/assets/img/cat/cat6.png]
[ui-themez.smartinnovates.net/items/swoo_html/home_electronic/assets/img/cat/cat7.png]
[ui-themez.smartinnovates.net/items/swoo_html/home_electronic/assets/img/cat/cat8.png]
[ui-themez.smartinnovates.net/items/swoo_html/home_electronic/assets/img/cat/cat9.png]
[ui-themez.smartinnovates.net/items/swoo_html/home_electronic/assets/img/cat/cat10.png]
[ui-themez.smartinnovates.net/items/swoo_html/home_lighting/assets/img/icons/smile_face.png]
[ui-themez.smartinnovates.net/items/swoo_html/home_electronic/assets/img/head/head_1.png]
[ui-themez.smartinnovates.net/items/swoo_html/home_electronic/assets/img/head/head_2.png]
[ui-themez.smartinnovates.net/items/swoo_html/home_electronic/assets/img/head/head_3.png]
[ui-themez.smartinnovates.net/items/swoo_html/home_lighting/assets/img/logo.png]
[ui-themez.smartinnovates.net/items/swoo_html/home_lighting/assets/img/eng.png]
[ui-themez.smartinnovates.net/items/swoo_html/home_electronic/assets/img/head/head_4.png]
[ui-themez.smartinnovates.net/items/swoo_html/home_electronic/assets/img/head/head_5.png]
[ui-themez.smartinnovates.net/items/swoo_html/home_electronic/assets/img/products/prod1.png]
[ui-themez.smartinnovates.net/items/swoo_html/home_electronic/assets/img/products/prod2.png]
[ui-themez.smartinnovates.net/items/swoo_html/home_lighting/assets/img/header/header1.jpg]
[ui-themez.smartinnovates.net/items/swoo_html/home_electronic/assets/img/products/prod3.png]
[ui-themez.smartinnovates.net/items/swoo_html/home_electronic/assets/img/products/prod4.png]
[ui-themez.smartinnovates.net/items/swoo_html/home_electronic/assets/img/products/prod5.png]
[ui-themez.smartinnovates.net/items/swoo_html/home_electronic/assets/img/products/prod6.png]
[ui-themez.smartinnovates.net/items/swoo_html/home_electronic/assets/img/products/prod7.png]
[ui-themez.smartinnovates.net/items/swoo_html/home_lighting/assets/img/header/header2.jpg]
[ui-themez.smartinnovates.net/items/swoo_html/home_electronic/assets/img/products/banner.png]
[ui-themez.smartinnovates.net/items/swoo_html/home_electronic/assets/img/products/prod8.png]
[ui-themez.smartinnovates.net/items/swoo_html/home_electronic/assets/img/products/prod9.png]
[ui-themez.smartinnovates.net/items/swoo_html/home_electronic/assets/img/products/prod10.png]
[ui-themez.smartinnovates.net/items/swoo_html/home_lighting/assets/img/header/header3.jpg]
[ui-themez.smartinnovates.net/items/swoo_html/home_electronic/assets/img/pup_1.png]
[ui-themez.smartinnovates.net/items/swoo_html/home_electronic/assets/img/pup_2.png]
[ui-themez.smartinnovates.net/items/swoo_html/home_electronic/assets/img/pup_3.png]
[ui-themez.smartinnovates.net/items/swoo_html/home_electronic/assets/img/products/prod11.png]
[ui-themez.smartinnovates.net/items/swoo_html/home_electronic/assets/img/products/prod12.png]
[ui-themez.smartinnovates.net/items/swoo_html/home_lighting/assets/img/catg/ceiling.png]
[ui-themez.smartinnovates.net/items/swoo_html/home_electronic/assets/img/products/prod13.png]
[ui-themez.smartinnovates.net/items/swoo_html/home_electronic/assets/img/products/prod14.png]
[ui-themez.smartinnovates.net/items/swoo_html/home_electronic/assets/img/products/prod15.png]
[ui-themez.smartinnovates.net/items/swoo_html/home_electronic/assets/img/products/prod16.png]
[ui-themez.smartinnovates.net/items/swoo_html/home_lighting/assets/img/catg/lamps.png]
[ui-themez.smartinnovates.net/items/swoo_html/home_electronic/assets/img/products/prod17.png]
[ui-themez.smartinnovates.net/items/swoo_html/home_electronic/assets/img/products/prod18.png]
[ui-themez.smartinnovates.net/items/swoo_html/home_electronic/assets/img/products/prod19.png]
[ui-themez.smartinnovates.net/items/swoo_html/home_electronic/assets/img/products/prod20.png]
[ui-themez.smartinnovates.net/items/swoo_html/home_lighting/assets/img/catg/sconces.png]
[ui-themez.smartinnovates.net/items/swoo_html/home_electronic/assets/img/products/prod21.png]
[ui-themez.smartinnovates.net/items/swoo_html/home_electronic/assets/img/products/prod22.png]
[ui-themez.smartinnovates.net/items/swoo_html/home_electronic/assets/img/products/prod23.png]
[ui-themez.smartinnovates.net/items/swoo_html/home_lighting/assets/img/catg/outdoor.png]
[ui-themez.smartinnovates.net/items/swoo_html/home_electronic/assets/img/products/prod24.png]
[ui-themez.smartinnovates.net/items/swoo_html/home_electronic/assets/img/products/prod25.png]
[ui-themez.smartinnovates.net/items/swoo_html/home_electronic/assets/img/products/prod26.png]
[ui-themez.smartinnovates.net/items/swoo_html/home_electronic/assets/img/products/prod27.png]
[ui-themez.smartinnovates.net/items/swoo_html/home_electronic/assets/img/products/prod28.png]
[ui-themez.smartinnovates.net/items/swoo_html/home_lighting/assets/img/catg/fan.png]
[ui-themez.smartinnovates.net/items/swoo_html/home_electronic/assets/img/products/prod29.png]
[ui-themez.smartinnovates.net/items/swoo_html/home_electronic/assets/img/blog_1.jpg]
[ui-themez.smartinnovates.net/items/swoo_html/home_electronic/assets/img/blog_2.jpg]
[ui-themez.smartinnovates.net/items/swoo_html/home_electronic/assets/img/user.jpg]
[ui-themez.smartinnovates.net/items/swoo_html/home_lighting/assets/img/catg/accessories.png]
[ui-themez.smartinnovates.net/items/swoo_html/home_electronic/assets/img/plane.png]
[ui-themez.smartinnovates.net/items/swoo_html/home_electronic/assets/img/pay/pay1.png]
[ui-themez.smartinnovates.net/items/swoo_html/home_electronic/assets/img/pay/pay2.png]
[ui-themez.smartinnovates.net/items/swoo_html/home_electronic/assets/img/pay/pay3.png]
[ui-themez.smartinnovates.net/items/swoo_html/home_electronic/assets/img/pay/pay4.png]
[ui-themez.smartinnovates.net/items/swoo_html/home_lighting/assets/img/products/2a.png]
[ui-themez.smartinnovates.net/items/swoo_html/home_electronic/assets/img/pay/pay5.png]
[ui-themez.smartinnovates.net/items/swoo_html/home_electronic/index.html]
[ui-themez.smartinnovates.net/items/swoo_html/home_electronic/assets/js/home_1_scripts.js]
[ui-themez.smartinnovates.net/items/swoo_html/home_lighting/assets/img/products/2b.png]
[ui-themez.smartinnovates.net/items/swoo_html/home_tech/assets/img/fav.png]
[ui-themez.smartinnovates.net/items/swoo_html/home_lighting/assets/img/products/1a.png]
[ui-themez.smartinnovates.net/items/swoo_html/home_tech/assets/css/home_3_style.css]
[ui-themez.smartinnovates.net/items/swoo_html/home_tech/assets/img/eng.png]
[ui-themez.smartinnovates.net/items/swoo_html/home_tech/assets/img/logo.png]
[ui-themez.smartinnovates.net/items/swoo_html/home_tech/assets/img/header/slider1.png]
[ui-themez.smartinnovates.net/items/swoo_html/home_lighting/assets/img/products/1b.png]
[ui-themez.smartinnovates.net/items/swoo_html/home_tech/assets/img/header/slider3.png]
[ui-themez.smartinnovates.net/items/swoo_html/home_tech/assets/img/header/slider4.png]
[ui-themez.smartinnovates.net/items/swoo_html/home_tech/assets/img/header/slider5.png]
[ui-themez.smartinnovates.net/items/swoo_html/home_tech/assets/img/header/slider6.png]
[ui-themez.smartinnovates.net/items/swoo_html/home_tech/assets/img/header/slider7.png]
[ui-themez.smartinnovates.net/items/swoo_html/home_lighting/assets/img/products/1c.png]
[ui-themez.smartinnovates.net/items/swoo_html/home_tech/assets/img/logos/logo4.png]
[ui-themez.smartinnovates.net/items/swoo_html/home_tech/assets/img/logos/logo5.png]
[ui-themez.smartinnovates.net/items/swoo_html/home_tech/assets/img/logos/logo1.png]
[ui-themez.smartinnovates.net/items/swoo_html/home_lighting/assets/img/products/3a.png]
[ui-themez.smartinnovates.net/items/swoo_html/home_tech/assets/img/logos/logo2.png]
[ui-themez.smartinnovates.net/items/swoo_html/home_tech/assets/img/logos/logo3.png]
[ui-themez.smartinnovates.net/items/swoo_html/home_tech/assets/img/logos/logo6.png]
[ui-themez.smartinnovates.net/items/swoo_html/home_lighting/assets/img/products/4a.png]
[ui-themez.smartinnovates.net/items/swoo_html/home_tech/assets/img/logos/logo7.png]
[ui-themez.smartinnovates.net/items/swoo_html/home_tech/assets/img/logos/logo8.png]
[ui-themez.smartinnovates.net/items/swoo_html/home_tech/assets/img/logos/logo9.png]
[ui-themez.smartinnovates.net/items/swoo_html/home_tech/assets/img/logos/logo10.png]
[ui-themez.smartinnovates.net/items/swoo_html/home_lighting/assets/img/star.png]
[ui-themez.smartinnovates.net/items/swoo_html/home_tech/assets/img/products/prod1.png]
[ui-themez.smartinnovates.net/items/swoo_html/home_tech/assets/img/products/prod2.png]
[ui-themez.smartinnovates.net/items/swoo_html/home_tech/assets/img/products/prod3.png]
[ui-themez.smartinnovates.net/items/swoo_html/home_tech/assets/img/products/prod4.png]
[ui-themez.smartinnovates.net/items/swoo_html/home_tech/assets/img/products/prod5.png]
[ui-themez.smartinnovates.net/items/swoo_html/home_lighting/assets/img/rooms/room1.jpg]
[ui-themez.smartinnovates.net/items/swoo_html/home_tech/assets/img/products/prod7.png]
[ui-themez.smartinnovates.net/items/swoo_html/home_tech/assets/img/products/prod8.png]
[ui-themez.smartinnovates.net/items/swoo_html/home_tech/assets/img/blog/blog1.jpg]
[ui-themez.smartinnovates.net/items/swoo_html/home_tech/assets/img/blog/blog2.jpg]
[ui-themez.smartinnovates.net/items/swoo_html/home_lighting/assets/img/rooms/room2.jpg]
[ui-themez.smartinnovates.net/items/swoo_html/home_tech/assets/img/blog/blog3.jpg]
[ui-themez.smartinnovates.net/items/swoo_html/home_tech/assets/img/star.png]
[ui-themez.smartinnovates.net/items/swoo_html/home_tech/assets/img/products/prod9.png]
[ui-themez.smartinnovates.net/items/swoo_html/home_tech/assets/img/products/cl_1.jpg]
[ui-themez.smartinnovates.net/items/swoo_html/home_lighting/assets/img/rooms/room3.jpg]
[ui-themez.smartinnovates.net/items/swoo_html/home_lighting/assets/img/rooms/room_det.jpg]
[ui-themez.smartinnovates.net/items/swoo_html/home_tech/assets/img/products/prod10.png]
[ui-themez.smartinnovates.net/items/swoo_html/home_tech/assets/img/products/prod11.png]
[ui-themez.smartinnovates.net/items/swoo_html/home_tech/assets/img/products/prod12.png]
[ui-themez.smartinnovates.net/items/swoo_html/home_lighting/assets/img/products/8a.png]
[ui-themez.smartinnovates.net/items/swoo_html/home_tech/assets/img/products/prod13.png]
[ui-themez.smartinnovates.net/items/swoo_html/home_tech/assets/img/products/prod14.jpg]
[ui-themez.smartinnovates.net/items/swoo_html/home_tech/assets/img/products/prod15.jpg]
[ui-themez.smartinnovates.net/items/swoo_html/home_tech/assets/img/products/prod16.jpg]
[ui-themez.smartinnovates.net/items/swoo_html/home_lighting/assets/img/products/7a.png]
[ui-themez.smartinnovates.net/items/swoo_html/home_tech/assets/img/products/prod17.jpg]
[ui-themez.smartinnovates.net/items/swoo_html/home_tech/assets/img/products/prod18.png]
[ui-themez.smartinnovates.net/items/swoo_html/home_tech/assets/img/products/prod20.png]
[ui-themez.smartinnovates.net/items/swoo_html/home_tech/assets/img/products/prod21.png]
[ui-themez.smartinnovates.net/items/swoo_html/home_tech/assets/img/products/prod22.png]
[ui-themez.smartinnovates.net/items/swoo_html/home_lighting/assets/img/rooms/room_det2.jpg]
[ui-themez.smartinnovates.net/items/swoo_html/home_tech/assets/img/products/prod23.png]
[ui-themez.smartinnovates.net/items/swoo_html/home_tech/assets/img/products/prod24.png]
[ui-themez.smartinnovates.net/items/swoo_html/home_tech/assets/img/products/prod25.png]
[ui-themez.smartinnovates.net/items/swoo_html/home_tech/assets/img/products/prod26.png]
[ui-themez.smartinnovates.net/items/swoo_html/home_lighting/assets/img/products/10a.png]
[ui-themez.smartinnovates.net/items/swoo_html/home_tech/assets/img/products/prod27.png]
[ui-themez.smartinnovates.net/items/swoo_html/home_tech/assets/img/products/prod28.png]
[ui-themez.smartinnovates.net/items/swoo_html/home_tech/assets/img/products/prod29.png]
[ui-themez.smartinnovates.net/items/swoo_html/home_tech/assets/img/products/prod30.png]
[ui-themez.smartinnovates.net/items/swoo_html/home_tech/assets/img/products/prod19.png]
[ui-themez.smartinnovates.net/items/swoo_html/home_lighting/assets/img/products/11a.png]
[ui-themez.smartinnovates.net/items/swoo_html/home_tech/assets/img/products/prod31.png]
[ui-themez.smartinnovates.net/items/swoo_html/home_tech/assets/img/products/prod32.png]
[ui-themez.smartinnovates.net/items/swoo_html/home_tech/assets/img/products/prod33.png]
[ui-themez.smartinnovates.net/items/swoo_html/home_tech/assets/img/products/prod34.png]
[ui-themez.smartinnovates.net/items/swoo_html/home_lighting/assets/img/products/12a.png]
[ui-themez.smartinnovates.net/items/swoo_html/home_tech/assets/img/products/prod35.png]
[ui-themez.smartinnovates.net/items/swoo_html/home_tech/assets/img/products/prod36.png]
[ui-themez.smartinnovates.net/items/swoo_html/home_tech/assets/img/products/prod37.png]
[ui-themez.smartinnovates.net/items/swoo_html/home_lighting/assets/img/products/9a.png]
[ui-themez.smartinnovates.net/items/swoo_html/home_tech/assets/img/products/prod38.png]
[ui-themez.smartinnovates.net/items/swoo_html/home_tech/assets/img/products/prod42.jpg]
[ui-themez.smartinnovates.net/items/swoo_html/home_tech/assets/img/products/prod39.png]
[ui-themez.smartinnovates.net/items/swoo_html/home_tech/assets/img/products/prod40.png]
[ui-themez.smartinnovates.net/items/swoo_html/home_lighting/assets/img/blog/ex1.png]
[ui-themez.smartinnovates.net/items/swoo_html/home_tech/assets/img/products/prod41.png]
[ui-themez.smartinnovates.net/items/swoo_html/home_tech/assets/img/products/prod43.png]
[ui-themez.smartinnovates.net/items/swoo_html/home_tech/assets/img/products/prod46.png]
[ui-themez.smartinnovates.net/items/swoo_html/home_tech/assets/img/products/prod47.png]
[ui-themez.smartinnovates.net/items/swoo_html/home_lighting/assets/img/blog/ex2.png]
[ui-themez.smartinnovates.net/items/swoo_html/home_tech/assets/img/products/prod48.png]
[ui-themez.smartinnovates.net/items/swoo_html/home_tech/assets/img/products/prod49.png]
[ui-themez.smartinnovates.net/items/swoo_html/home_tech/assets/img/products/prod44.png]
[ui-themez.smartinnovates.net/items/swoo_html/home_lighting/assets/img/user.png]
[ui-themez.smartinnovates.net/items/swoo_html/home_tech/assets/img/products/prod50.png]
[ui-themez.smartinnovates.net/items/swoo_html/home_tech/assets/img/products/prod51.png]
[ui-themez.smartinnovates.net/items/swoo_html/home_tech/assets/img/products/prod52.png]
[ui-themez.smartinnovates.net/items/swoo_html/home_tech/assets/img/products/prod53.png]
[ui-themez.smartinnovates.net/items/swoo_html/home_tech/assets/img/products/prod45.png]
[ui-themez.smartinnovates.net/items/swoo_html/home_lighting/assets/img/blog/blog1.jpg]
[ui-themez.smartinnovates.net/items/swoo_html/home_tech/assets/img/products/prod54.png]
[ui-themez.smartinnovates.net/items/swoo_html/home_tech/assets/img/products/prod55.png]
[ui-themez.smartinnovates.net/items/swoo_html/home_tech/assets/img/products/prod56.png]
[ui-themez.smartinnovates.net/items/swoo_html/home_tech/assets/img/products/prod57.png]
[ui-themez.smartinnovates.net/items/swoo_html/home_lighting/assets/img/blog/blog2.jpg]
[ui-themez.smartinnovates.net/items/swoo_html/home_tech/assets/img/banner2.png]
[ui-themez.smartinnovates.net/items/swoo_html/home_tech/assets/img/banner3.png]
[ui-themez.smartinnovates.net/items/swoo_html/home_tech/assets/img/products/prod58.png]
[ui-themez.smartinnovates.net/items/swoo_html/home_tech/assets/img/products/prod59.png]
[ui-themez.smartinnovates.net/items/swoo_html/home_lighting/assets/img/blog/blog3.jpg]
[ui-themez.smartinnovates.net/items/swoo_html/home_tech/assets/img/products/prod60.png]
[ui-themez.smartinnovates.net/items/swoo_html/home_tech/assets/img/products/prod61.png]
[ui-themez.smartinnovates.net/items/swoo_html/home_tech/assets/img/payment/pay1.png]
[ui-themez.smartinnovates.net/items/swoo_html/home_tech/assets/img/payment/pay2.png]
[ui-themez.smartinnovates.net/items/swoo_html/home_tech/assets/img/payment/pay3.png]
[ui-themez.smartinnovates.net/items/swoo_html/home_lighting/assets/img/blog/blog4.jpg]
[ui-themez.smartinnovates.net/items/swoo_html/home_tech/assets/img/payment/pay4.png]
[ui-themez.smartinnovates.net/items/swoo_html/home_tech/assets/img/payment/pay5.png]
[ui-themez.smartinnovates.net/items/swoo_html/home_tech/index.html]
[ui-themez.smartinnovates.net/items/swoo_html/home_tech/assets/js/home_3_scripts.js]
[ui-themez.smartinnovates.net/items/swoo_html/home_lighting/assets/img/logos/logo1.png]
[ui-themez.smartinnovates.net/items/swoo_html/home_baby/assets/img/fav.png]
[ui-themez.smartinnovates.net/items/swoo_html/home_lighting/assets/img/logos/logo2.png]
[ui-themez.smartinnovates.net/items/swoo_html/home_baby/assets/img/top_nav1.png]
[ui-themez.smartinnovates.net/items/swoo_html/home_baby/assets/img/logo.png]
[ui-themez.smartinnovates.net/items/swoo_html/home_lighting/assets/img/logos/logo3.png]
[ui-themez.smartinnovates.net/items/swoo_html/home_baby/assets/img/eng.png]
[ui-themez.smartinnovates.net/items/swoo_html/home_baby/assets/img/head1.png]
[ui-themez.smartinnovates.net/items/swoo_html/home_baby/assets/img/head2.png]
[ui-themez.smartinnovates.net/items/swoo_html/home_lighting/assets/img/logos/logo4.png]
[ui-themez.smartinnovates.net/items/swoo_html/home_lighting/assets/img/logos/logo5.png]
[ui-themez.smartinnovates.net/items/swoo_html/home_baby/assets/img/icons/cat1.png]
[ui-themez.smartinnovates.net/items/swoo_html/home_baby/assets/img/icons/cat2.png]
[ui-themez.smartinnovates.net/items/swoo_html/home_baby/assets/img/icons/cat3.png]
[ui-themez.smartinnovates.net/items/swoo_html/home_baby/assets/img/icons/cat4.png]
[ui-themez.smartinnovates.net/items/swoo_html/home_lighting/assets/img/logos/logo6.png]
[ui-themez.smartinnovates.net/items/swoo_html/home_baby/assets/img/icons/cat5.png]
[ui-themez.smartinnovates.net/items/swoo_html/home_baby/assets/img/icons/cat6.png]
[ui-themez.smartinnovates.net/items/swoo_html/home_baby/assets/img/icons/cat7.png]
[ui-themez.smartinnovates.net/items/swoo_html/home_baby/assets/img/icons/cat8.png]
[ui-themez.smartinnovates.net/items/swoo_html/home_lighting/assets/img/logos/logo7.png]
[ui-themez.smartinnovates.net/items/swoo_html/home_baby/assets/img/banners/banner1.png]
[ui-themez.smartinnovates.net/items/swoo_html/home_baby/assets/img/banners/banner2.png]
[ui-themez.smartinnovates.net/items/swoo_html/home_baby/assets/img/products/prod1_1.jpg]
[ui-themez.smartinnovates.net/items/swoo_html/home_baby/assets/img/products/prod1_2.jpg]
[ui-themez.smartinnovates.net/items/swoo_html/home_baby/assets/img/products/prod1_3.jpg]
[ui-themez.smartinnovates.net/items/swoo_html/home_lighting/assets/img/insta/insta1.png]
[ui-themez.smartinnovates.net/items/swoo_html/home_baby/assets/img/products/prod2_1.jpg]
[ui-themez.smartinnovates.net/items/swoo_html/home_baby/assets/img/products/prod3_1.jpg]
[ui-themez.smartinnovates.net/items/swoo_html/home_baby/assets/img/products/prod4_1.jpg]
[ui-themez.smartinnovates.net/items/swoo_html/home_lighting/assets/img/insta/insta2.png]
[ui-themez.smartinnovates.net/items/swoo_html/home_baby/assets/img/products/prod4_2.jpg]
[ui-themez.smartinnovates.net/items/swoo_html/home_baby/assets/img/products/prod5_1.jpg]
[ui-themez.smartinnovates.net/items/swoo_html/home_baby/assets/img/m1.png]
[ui-themez.smartinnovates.net/items/swoo_html/home_lighting/assets/img/insta/insta3.png]
[ui-themez.smartinnovates.net/items/swoo_html/home_baby/assets/img/m3.png]
[ui-themez.smartinnovates.net/items/swoo_html/home_baby/assets/img/m4.png]
[ui-themez.smartinnovates.net/items/swoo_html/home_baby/assets/img/bn_logo.png]
[ui-themez.smartinnovates.net/items/swoo_html/home_baby/assets/img/bn_img.png]
[ui-themez.smartinnovates.net/items/swoo_html/home_lighting/assets/img/insta/insta4.png]
[ui-themez.smartinnovates.net/items/swoo_html/home_lighting/assets/img/insta/insta5.png]
[ui-themez.smartinnovates.net/items/swoo_html/home_baby/assets/img/products/prod6.jpg]
[ui-themez.smartinnovates.net/items/swoo_html/home_baby/assets/img/products/prod7.jpg]
[ui-themez.smartinnovates.net/items/swoo_html/home_baby/assets/img/products/prod8.jpg]
[ui-themez.smartinnovates.net/items/swoo_html/home_lighting/assets/img/insta/insta6.png]
[ui-themez.smartinnovates.net/items/swoo_html/home_baby/assets/img/products/prod9.jpg]
[ui-themez.smartinnovates.net/items/swoo_html/home_baby/assets/img/products/prod10.jpg]
[ui-themez.smartinnovates.net/items/swoo_html/home_baby/assets/img/brands/br1.png]
[ui-themez.smartinnovates.net/items/swoo_html/home_baby/assets/img/brands/br2.png]
[ui-themez.smartinnovates.net/items/swoo_html/home_lighting/assets/img/pay/pay1.png]
[ui-themez.smartinnovates.net/items/swoo_html/home_baby/assets/img/brands/br3.png]
[ui-themez.smartinnovates.net/items/swoo_html/home_baby/assets/img/brands/br4.png]
[ui-themez.smartinnovates.net/items/swoo_html/home_baby/assets/img/brands/br5.png]
[ui-themez.smartinnovates.net/items/swoo_html/home_baby/assets/img/brands/br6.png]
[ui-themez.smartinnovates.net/items/swoo_html/home_baby/assets/img/brands/br7.png]
[ui-themez.smartinnovates.net/items/swoo_html/home_lighting/assets/img/pay/pay2.png]
[ui-themez.smartinnovates.net/items/swoo_html/home_baby/assets/img/brands/br8.png]
[ui-themez.smartinnovates.net/items/swoo_html/home_baby/assets/img/brands/br9.png]
[ui-themez.smartinnovates.net/items/swoo_html/home_baby/assets/img/brands/br10.png]
[ui-themez.smartinnovates.net/items/swoo_html/home_baby/assets/img/brands/br11.png]
[ui-themez.smartinnovates.net/items/swoo_html/home_lighting/assets/img/pay/pay3.png]
[ui-themez.smartinnovates.net/items/swoo_html/home_baby/assets/img/brands/br12.png]
[ui-themez.smartinnovates.net/items/swoo_html/home_baby/assets/img/brands/br13.png]
[ui-themez.smartinnovates.net/items/swoo_html/home_baby/assets/img/brands/br14.png]
[ui-themez.smartinnovates.net/items/swoo_html/home_baby/assets/img/products/prod11.jpg]
[ui-themez.smartinnovates.net/items/swoo_html/home_lighting/assets/img/pay/pay4.png]
[ui-themez.smartinnovates.net/items/swoo_html/home_baby/assets/img/gift.png]
[ui-themez.smartinnovates.net/items/swoo_html/home_baby/assets/img/products/prod12.jpg]
[ui-themez.smartinnovates.net/items/swoo_html/home_baby/assets/img/products/prod13.jpg]
[ui-themez.smartinnovates.net/items/swoo_html/home_baby/assets/img/products/prod14.jpg]
[ui-themez.smartinnovates.net/items/swoo_html/home_baby/assets/img/products/prod15.jpg]
[ui-themez.smartinnovates.net/items/swoo_html/home_lighting/assets/img/pay/pay5.png]
[ui-themez.smartinnovates.net/items/swoo_html/home_baby/assets/img/products/prod16.jpg]
[ui-themez.smartinnovates.net/items/swoo_html/home_baby/assets/img/products/prod17.jpg]
[ui-themez.smartinnovates.net/items/swoo_html/home_baby/assets/img/products/prod18.jpg]
[ui-themez.smartinnovates.net/items/swoo_html/home_baby/assets/img/products/prod19.png]
[ui-themez.smartinnovates.net/items/swoo_html/home_baby/assets/img/products/prod20.png]
[ui-themez.smartinnovates.net/items/swoo_html/common/assets/js/lib/jquery-3.0.0.min.js]
[ui-themez.smartinnovates.net/items/swoo_html/home_baby/assets/img/products/prod21.png]
[ui-themez.smartinnovates.net/items/swoo_html/home_baby/assets/img/products/prod22.png]
[ui-themez.smartinnovates.net/items/swoo_html/home_baby/assets/img/banners/c_ban1.png]
[ui-themez.smartinnovates.net/items/swoo_html/home_baby/assets/img/banners/c_ban2.png]
[ui-themez.smartinnovates.net/items/swoo_html/common/assets/js/lib/jquery-migrate-3.0.0.min.js]
[ui-themez.smartinnovates.net/items/swoo_html/home_baby/assets/img/products/prod27.png]
[ui-themez.smartinnovates.net/items/swoo_html/home_baby/assets/img/products/prod28.png]
[ui-themez.smartinnovates.net/items/swoo_html/home_baby/assets/img/products/prod29.png]
[ui-themez.smartinnovates.net/items/swoo_html/home_baby/assets/img/products/prod30.png]
[ui-themez.smartinnovates.net/items/swoo_html/common/assets/js/lib/bootstrap.bundle.min.js]
[ui-themez.smartinnovates.net/items/swoo_html/home_baby/assets/img/banners/c_ban3.png]
[ui-themez.smartinnovates.net/items/swoo_html/home_baby/assets/img/brands/br15.png]
[ui-themez.smartinnovates.net/items/swoo_html/home_baby/assets/img/banners/c_ban4.png]
[ui-themez.smartinnovates.net/items/swoo_html/home_baby/assets/img/products/prod31.png]
[ui-themez.smartinnovates.net/items/swoo_html/common/assets/js/lib/wow.min.js]
[ui-themez.smartinnovates.net/items/swoo_html/home_baby/assets/img/products/prod32.png]
[ui-themez.smartinnovates.net/items/swoo_html/home_baby/assets/img/products/prod33.png]
[ui-themez.smartinnovates.net/items/swoo_html/home_baby/assets/img/products/prod34.png]
[ui-themez.smartinnovates.net/items/swoo_html/home_baby/assets/img/banners/c_ban5.png]
[ui-themez.smartinnovates.net/items/swoo_html/home_baby/assets/img/banners/c_ban6.png]
[ui-themez.smartinnovates.net/items/swoo_html/common/assets/js/lib/jquery.fancybox.js]
[ui-themez.smartinnovates.net/items/swoo_html/home_baby/assets/img/products/prod23.png]
[ui-themez.smartinnovates.net/items/swoo_html/home_baby/assets/img/products/prod24.png]
[ui-themez.smartinnovates.net/items/swoo_html/home_baby/assets/img/products/prod25.png]
[ui-themez.smartinnovates.net/items/swoo_html/home_baby/assets/img/products/prod26.png]
[ui-themez.smartinnovates.net/items/swoo_html/common/assets/js/lib/lity.js]
[ui-themez.smartinnovates.net/items/swoo_html/home_baby/assets/img/banners/c_ban7.png]
[ui-themez.smartinnovates.net/items/swoo_html/home_baby/assets/img/banners/c_ban8.png]
[ui-themez.smartinnovates.net/items/swoo_html/home_baby/assets/img/blog1.jpg]
[ui-themez.smartinnovates.net/items/swoo_html/home_baby/assets/img/blog2.jpg]
[ui-themez.smartinnovates.net/items/swoo_html/common/assets/js/lib/swiper8-bundle.min.js]
[ui-themez.smartinnovates.net/items/swoo_html/home_baby/assets/img/blog3.jpg]
[ui-themez.smartinnovates.net/items/swoo_html/home_baby/assets/img/blog4.jpg]
[ui-themez.smartinnovates.net/items/swoo_html/home_baby/assets/img/blog5.jpg]
[ui-themez.smartinnovates.net/items/swoo_html/home_baby/assets/img/pay/pay_1.png]
[ui-themez.smartinnovates.net/items/swoo_html/home_baby/assets/img/pay/pay_2.png]
[ui-themez.smartinnovates.net/items/swoo_html/common/assets/js/lib/jquery.waypoints.min.js]
[ui-themez.smartinnovates.net/items/swoo_html/home_baby/assets/img/pay/pay_3.png]
[ui-themez.smartinnovates.net/items/swoo_html/home_baby/assets/img/pay/pay_4.png]
[ui-themez.smartinnovates.net/items/swoo_html/home_baby/assets/img/pay/pay_5.png]
[ui-themez.smartinnovates.net/items/swoo_html/common/assets/js/lib/jquery.counterup.js]
[ui-themez.smartinnovates.net/items/swoo_html/home_baby/index.html]
[ui-themez.smartinnovates.net/items/swoo_html/home_baby/assets/js/home_4_scripts.js]
[ui-themez.smartinnovates.net/items/swoo_html/common/assets/js/lib/parallaxie.js]
[ui-themez.smartinnovates.net/items/swoo_html/home_pets/assets/img/fav.png]
[ui-themez.smartinnovates.net/items/swoo_html/common/assets/js/lib/iziToast.min.js]
[ui-themez.smartinnovates.net/items/swoo_html/home_pets/assets/css/home_5_style.css]
[ui-themez.smartinnovates.net/items/swoo_html/common/assets/js/gsap_lib/gsap.min.js]
[ui-themez.smartinnovates.net/items/swoo_html/common/assets/js/common_js.js]
[ui-themez.smartinnovates.net/items/swoo_html/home_pets/assets/img/eng.png]
[ui-themez.smartinnovates.net/items/swoo_html/home_pets/assets/img/logo.png]
[ui-themez.smartinnovates.net/items/swoo_html/home_pets/assets/img/cats/cat1.png]
[ui-themez.smartinnovates.net/items/swoo_html/home_lighting/assets/js/home_2_scripts.js]
[ui-themez.smartinnovates.net/items/swoo_html/home_pets/assets/img/cats/cat2.png]
[ui-themez.smartinnovates.net/items/swoo_html/home_pets/assets/img/cats/cat3.png]
[ui-themez.smartinnovates.net/items/swoo_html/home_pets/assets/img/cats/cat4.png]
[ui-themez.smartinnovates.net/items/swoo_html/home_pets/assets/img/cats/cat5.png]
[ui-themez.smartinnovates.net/items/swoo_html/home_pets/assets/img/cats/cat6.png]
[ui-themez.smartinnovates.net/items/swoo_html/home_pets/assets/img/cats/cat7.png]
[ui-themez.smartinnovates.net/items/swoo_html/home_pets/assets/img/cats/cat8.png]
[ui-themez.smartinnovates.net/items/swoo_html/home_pets/assets/img/slider_bg.png]
[ui-themez.smartinnovates.net/items/swoo_html/home_pets/assets/img/slider_img1.png]
[ui-themez.smartinnovates.net/items/swoo_html/home_pets/assets/img/brands/brand1.png]
[ui-themez.smartinnovates.net/items/swoo_html/home_pets/assets/img/brands/brand2.png]
[ui-themez.smartinnovates.net/items/swoo_html/home_pets/assets/img/brands/brand3.png]
[ui-themez.smartinnovates.net/items/swoo_html/home_pets/assets/img/brands/brand4.png]
[ui-themez.smartinnovates.net/items/swoo_html/home_pets/assets/img/brands/brand5.png]
[ui-themez.smartinnovates.net/items/swoo_html/home_pets/assets/img/banner/banner1.png]
[ui-themez.smartinnovates.net/items/swoo_html/home_pets/assets/img/banner/banner2_bg.png]
[ui-themez.smartinnovates.net/items/swoo_html/home_pets/assets/img/banner/banner-logo.png]
[ui-themez.smartinnovates.net/items/swoo_html/home_pets/assets/img/products/prod1.png]
[ui-themez.smartinnovates.net/items/swoo_html/home_pets/assets/img/products/prod2.png]
[ui-themez.smartinnovates.net/items/swoo_html/home_pets/assets/img/products/prod3.png]
[ui-themez.smartinnovates.net/items/swoo_html/home_pets/assets/img/products/prod4.png]
[ui-themez.smartinnovates.net/items/swoo_html/home_pets/assets/img/products/prod5.png]
[ui-themez.smartinnovates.net/items/swoo_html/home_pets/assets/img/sale_dog.png]
[ui-themez.smartinnovates.net/items/swoo_html/home_pets/assets/img/products/prod6.png]
[ui-themez.smartinnovates.net/items/swoo_html/home_pets/assets/img/products/prod7.png]
[ui-themez.smartinnovates.net/items/swoo_html/home_pets/assets/img/products/prod8.png]
[ui-themez.smartinnovates.net/items/swoo_html/home_pets/assets/img/products/prod9.png]
[ui-themez.smartinnovates.net/items/swoo_html/home_pets/assets/img/sale_cat.png]
[ui-themez.smartinnovates.net/items/swoo_html/home_pets/assets/img/products/prod10.png]
[ui-themez.smartinnovates.net/items/swoo_html/home_pets/assets/img/products/prod11.png]
[ui-themez.smartinnovates.net/items/swoo_html/home_pets/assets/img/products/prod12.png]
[ui-themez.smartinnovates.net/items/swoo_html/home_pets/assets/img/products/prod13.png]
[ui-themez.smartinnovates.net/items/swoo_html/home_pets/assets/img/banner_logo.png]
[ui-themez.smartinnovates.net/items/swoo_html/home_pets/assets/img/banner_img.png]
[ui-themez.smartinnovates.net/items/swoo_html/home_pets/assets/img/products/prod14.png]
[ui-themez.smartinnovates.net/items/swoo_html/home_pets/assets/img/products/prod15.png]
[ui-themez.smartinnovates.net/items/swoo_html/home_pets/assets/img/products/prod16.png]
[ui-themez.smartinnovates.net/items/swoo_html/home_pets/assets/img/products/prod17.png]
[ui-themez.smartinnovates.net/items/swoo_html/home_pets/assets/img/products/prod18.png]
[ui-themez.smartinnovates.net/items/swoo_html/home_pets/assets/img/blog/blog1.jpg]
[ui-themez.smartinnovates.net/items/swoo_html/home_pets/assets/img/blog/blog2.jpg]
[ui-themez.smartinnovates.net/items/swoo_html/home_pets/assets/img/blog/blog3.jpg]
[ui-themez.smartinnovates.net/items/swoo_html/home_pets/assets/img/blog/blog4.jpg]
[ui-themez.smartinnovates.net/items/swoo_html/home_pets/assets/img/pay/pay1.png]
[ui-themez.smartinnovates.net/items/swoo_html/home_pets/assets/img/pay/pay2.png]
[ui-themez.smartinnovates.net/items/swoo_html/home_pets/assets/img/pay/pay3.png]
[ui-themez.smartinnovates.net/items/swoo_html/home_pets/assets/img/pay/pay4.png]
[ui-themez.smartinnovates.net/items/swoo_html/home_pets/assets/img/pay/pay5.png]
[ui-themez.smartinnovates.net/items/swoo_html/home_pets/assets/img/logo_foot.png]
[ui-themez.smartinnovates.net/items/swoo_html/home_pets/index.html]
[ui-themez.smartinnovates.net/items/swoo_html/home_pets/assets/js/home_5_scripts.js]
[ui-themez.smartinnovates.net/items/swoo_html/preview/assets/fonts/webfonts/fa-brands-400.svg]
[ui-themez.smartinnovates.net/items/swoo_html/preview/assets/fonts/webfonts/fa-duotone-900.svg]
[ui-themez.smartinnovates.net/items/swoo_html/preview/assets/fonts/webfonts/fa-light-300.svg]
[ui-themez.smartinnovates.net/items/swoo_html/preview/assets/fonts/webfonts/fa-regular-400.svg]
[ui-themez.smartinnovates.net/items/swoo_html/preview/assets/fonts/webfonts/fa-solid-900.svg]
[ui-themez.smartinnovates.net/items/swoo_html/preview/assets/css/fonts/ionicons790f.html]
[ui-themez.smartinnovates.net/items/swoo_html/preview/assets/css/fonts/ionicons790f-2.html]
[ui-themez.smartinnovates.net/items/swoo_html/preview/assets/css/fonts/ionicons790f-3.html]
[ui-themez.smartinnovates.net/items/swoo_html/preview/assets/css/fonts/ionicons790f-4.html]
[ui-themez.smartinnovates.net/items/swoo_html/preview/assets/fonts/Pe-icon-7-strokebb1d.html]
[ui-themez.smartinnovates.net/items/swoo_html/common/assets/css/lib/bootstrap.min.css]
[ui-themez.smartinnovates.net/items/swoo_html/home_lighting/assets/img/fav.png]
[ui-themez.smartinnovates.net/items/swoo_html/common/assets/fonts/webfonts/fa-brands-400.1e6.delayed]
[ui-themez.smartinnovates.net/items/swoo_html/common/assets/fonts/webfonts/fa-brands-400d41d.eot]
[ui-themez.smartinnovates.net/items/swoo_html/common/assets/fonts/webfonts/fa-brands-400.ttf]
[ui-themez.smartinnovates.net/items/swoo_html/common/assets/fonts/webfonts/fa-brands-400.svg]
[ui-themez.smartinnovates.net/items/swoo_html/common/assets/fonts/webfonts/fa-duotone-900.eot]
[ui-themez.smartinnovates.net/items/swoo_html/common/assets/fonts/webfonts/fa-duotone-900d41d.eot]
[ui-themez.smartinnovates.net/items/swoo_html/common/assets/fonts/webfonts/fa-duotone-900.ttf]
[ui-themez.smartinnovates.net/items/swoo_html/common/assets/fonts/webfonts/fa-duotone-900.svg]
[ui-themez.smartinnovates.net/items/swoo_html/common/assets/fonts/webfonts/fa-light-300.eot]
[ui-themez.smartinnovates.net/items/swoo_html/common/assets/fonts/webfonts/fa-light-300d41d.eot]
[ui-themez.smartinnovates.net/items/swoo_html/common/assets/fonts/webfonts/fa-light-300.ttf]
[ui-themez.smartinnovates.net/items/swoo_html/common/assets/fonts/webfonts/fa-light-300.svg]
[ui-themez.smartinnovates.net/items/swoo_html/common/assets/fonts/webfonts/fa-regular-400.eot]
[ui-themez.smartinnovates.net/items/swoo_html/common/assets/fonts/webfonts/fa-regular-400d41d.eot]
[ui-themez.smartinnovates.net/items/swoo_html/common/assets/fonts/webfonts/fa-regular-400.ttf]
[ui-themez.smartinnovates.net/items/swoo_html/common/assets/fonts/webfonts/fa-regular-400.svg]
[ui-themez.smartinnovates.net/items/swoo_html/common/assets/fonts/webfonts/fa-solid-900.eot]
[ui-themez.smartinnovates.net/items/swoo_html/common/assets/fonts/webfonts/fa-solid-900d41d.eot]
[ui-themez.smartinnovates.net/items/swoo_html/common/assets/fonts/webfonts/fa-solid-900.ttf]
[ui-themez.smartinnovates.net/items/swoo_html/common/assets/fonts/webfonts/fa-solid-900.svg]
[ui-themez.smartinnovates.net/items/swoo_html/common/assets/css/lib/all.min.css]
[ui-themez.smartinnovates.net/items/swoo_html/common/assets/fonts/line_awesome_1.3.0/la-brands-400.eot]
[ui-themez.smartinnovates.net/items/swoo_html/common/assets/fonts/line_awesome_1.3.0/la-brands-400d41d.eot]
[ui-themez.smartinnovates.net/items/swoo_html/common/assets/fonts/line_awesome_1.3.0/la-brands-400.woff2]
[ui-themez.smartinnovates.net/items/swoo_html/common/assets/fonts/line_awesome_1.3.0/la-brands-400.woff]
[ui-themez.smartinnovates.net/items/swoo_html/common/assets/fonts/line_awesome_1.3.0/la-brands-400.ttf]
[ui-themez.smartinnovates.net/items/swoo_html/common/assets/fonts/line_awesome_1.3.0/la-brands-400.svg]
[ui-themez.smartinnovates.net/items/swoo_html/common/assets/fonts/line_awesome_1.3.0/la-regular-400.eot]
[ui-themez.smartinnovates.net/items/swoo_html/common/assets/fonts/line_awesome_1.3.0/la-regular-400d41d.eot]
[ui-themez.smartinnovates.net/items/swoo_html/common/assets/fonts/line_awesome_1.3.0/la-regular-400.woff2]
[ui-themez.smartinnovates.net/items/swoo_html/common/assets/fonts/line_awesome_1.3.0/la-regular-400.woff]
[ui-themez.smartinnovates.net/items/swoo_html/common/assets/fonts/line_awesome_1.3.0/la-regular-400.ttf]
[ui-themez.smartinnovates.net/items/swoo_html/common/assets/fonts/line_awesome_1.3.0/la-regular-400.svg]
[ui-themez.smartinnovates.net/items/swoo_html/common/assets/fonts/line_awesome_1.3.0/la-solid-900.eot]
[ui-themez.smartinnovates.net/items/swoo_html/common/assets/fonts/line_awesome_1.3.0/la-solid-900d41d.eot]
[ui-themez.smartinnovates.net/items/swoo_html/common/assets/fonts/line_awesome_1.3.0/la-solid-900.woff2]
[ui-themez.smartinnovates.net/items/swoo_html/common/assets/fonts/line_awesome_1.3.0/la-solid-900.woff]
[ui-themez.smartinnovates.net/items/swoo_html/common/assets/fonts/line_awesome_1.3.0/la-solid-900.ttf]
[ui-themez.smartinnovates.net/items/swoo_html/common/assets/css/lib/line-awesome.css]
[ui-themez.smartinnovates.net/items/swoo_html/common/assets/fonts/line_awesome_1.3.0/la-solid-900.svg]
[ui-themez.smartinnovates.net/items/swoo_html/common/assets/fonts/ionicons28b5.woff]
[ui-themez.smartinnovates.net/items/swoo_html/common/assets/css/lib/ionicons.css]
[ui-themez.smartinnovates.net/items/swoo_html/common/assets/css/lib/animate.css]
[ui-themez.smartinnovates.net/items/swoo_html/common/assets/css/lib/jquery.fancybox.css]
[ui-themez.smartinnovates.net/items/swoo_html/common/assets/css/lib/lity.css]
[ui-themez.smartinnovates.net/items/swoo_html/common/assets/css/lib/swiper8.min.css]
[ui-themez.smartinnovates.net/items/swoo_html/common/assets/css/lib/iziToast.min.css]
[ui-themez.smartinnovates.net/items/swoo_html/common/assets/css/common_style.css]
[ui-themez.smartinnovates.net/items/swoo_html/home_lighting/assets/css/home_2_style.css]
[ui-themez.smartinnovates.net/items/swoo_html/home_lighting/assets/fonts/GrayscaleSignature-mL16a.ttf]
[ui-themez.smartinnovates.net/items/swoo_html/common/assets/img/fav2.20e.delayed]
[ui-themez.smartinnovates.net/items/swoo_html/inner_pages/assets/css/inner_pages.css]
[ui-themez.smartinnovates.net/items/swoo_html/inner_pages/assets/img/eng.png]
[ui-themez.smartinnovates.net/items/swoo_html/inner_pages/assets/img/logo.png]
[ui-themez.smartinnovates.net/items/swoo_html/inner_pages/assets/img/about/about2.png]
[ui-themez.smartinnovates.net/items/swoo_html/inner_pages/assets/img/about/about3.png]
[ui-themez.smartinnovates.net/items/swoo_html/inner_pages/assets/img/about/members/mem1.png]
[ui-themez.smartinnovates.net/items/swoo_html/inner_pages/assets/img/about/members/mem2.png]
[ui-themez.smartinnovates.net/items/swoo_html/inner_pages/assets/img/about/members/mem3.png]
[ui-themez.smartinnovates.net/items/swoo_html/inner_pages/assets/img/about/members/mem4.png]
[ui-themez.smartinnovates.net/items/swoo_html/inner_pages/assets/img/about/members/mem5.png]
[ui-themez.smartinnovates.net/items/swoo_html/inner_pages/assets/img/about/logos/logo9.png]
[ui-themez.smartinnovates.net/items/swoo_html/inner_pages/assets/img/about/logos/logo10.png]
[ui-themez.smartinnovates.net/items/swoo_html/inner_pages/assets/img/about/logos/logo2.png]
[ui-themez.smartinnovates.net/items/swoo_html/inner_pages/assets/img/about/logos/logo3.png]
[ui-themez.smartinnovates.net/items/swoo_html/inner_pages/assets/img/about/logos/logo8.png]
[ui-themez.smartinnovates.net/items/swoo_html/inner_pages/assets/img/about/logos/logo4.png]
[ui-themez.smartinnovates.net/items/swoo_html/inner_pages/assets/img/about/logos/logo5.png]
[ui-themez.smartinnovates.net/items/swoo_html/inner_pages/assets/img/about/logos/logo1.png]
[ui-themez.smartinnovates.net/items/swoo_html/inner_pages/assets/img/about/logos/logo6.png]
[ui-themez.smartinnovates.net/items/swoo_html/inner_pages/assets/img/about/logos/logo7.png]
[ui-themez.smartinnovates.net/items/swoo_html/inner_pages/assets/img/user.png]
[ui-themez.smartinnovates.net/items/swoo_html/inner_pages/assets/img/star.png]
[ui-themez.smartinnovates.net/items/swoo_html/inner_pages/assets/img/payment/pay1.png]
[ui-themez.smartinnovates.net/items/swoo_html/inner_pages/assets/img/payment/pay2.png]
[ui-themez.smartinnovates.net/items/swoo_html/inner_pages/assets/img/payment/pay3.png]
[ui-themez.smartinnovates.net/items/swoo_html/inner_pages/assets/img/payment/pay4.png]
[ui-themez.smartinnovates.net/items/swoo_html/inner_pages/assets/img/payment/pay5.png]
[ui-themez.smartinnovates.net/items/swoo_html/inner_pages/about.html]
[ui-themez.smartinnovates.net/items/swoo_html/inner_pages/assets/js/inner_pages.js]
[ui-themez.smartinnovates.net/items/swoo_html/inner_pages/assets/img/contact.png]
[ui-themez.smartinnovates.net/items/swoo_html/inner_pages/contact.html]
[ui-themez.smartinnovates.net/items/swoo_html/inner_pages/login.html]
[ui-themez.smartinnovates.net/items/swoo_html/inner_pages/assets/img/login.svg]
[ui-themez.smartinnovates.net/items/swoo_html/inner_pages/assets/img/avatar.jpg]
[ui-themez.smartinnovates.net/items/swoo_html/inner_pages/assets/img/products/prod27.png]
[ui-themez.smartinnovates.net/items/swoo_html/inner_pages/assets/img/products/prod65.png]
[ui-themez.smartinnovates.net/items/swoo_html/inner_pages/assets/img/products/prod26.png]
[ui-themez.smartinnovates.net/items/swoo_html/inner_pages/profile.html]
[ui-themez.smartinnovates.net/items/swoo_html/inner_pages/register.html]
[ui-themez.smartinnovates.net/items/swoo_html/inner_pages/assets/img/header/slider1.png]
[ui-themez.smartinnovates.net/items/swoo_html/inner_pages/assets/img/header/slider3.png]
[ui-themez.smartinnovates.net/items/swoo_html/inner_pages/assets/img/banner1.png]
[ui-themez.smartinnovates.net/items/swoo_html/inner_pages/assets/img/products/prod20.png]
[ui-themez.smartinnovates.net/items/swoo_html/inner_pages/assets/img/products/prod21.png]
[ui-themez.smartinnovates.net/items/swoo_html/inner_pages/assets/img/products/prod22.png]
[ui-themez.smartinnovates.net/items/swoo_html/inner_pages/assets/img/products/prod62.png]
[ui-themez.smartinnovates.net/items/swoo_html/inner_pages/assets/img/products/prod63.png]
[ui-themez.smartinnovates.net/items/swoo_html/inner_pages/assets/img/products/prod23.png]
[ui-themez.smartinnovates.net/items/swoo_html/inner_pages/assets/img/products/prod24.png]
[ui-themez.smartinnovates.net/items/swoo_html/inner_pages/assets/img/products/prod25.png]
[ui-themez.smartinnovates.net/items/swoo_html/inner_pages/assets/img/products/prod64.png]
[ui-themez.smartinnovates.net/items/swoo_html/inner_pages/assets/img/brands/brand1.png]
[ui-themez.smartinnovates.net/items/swoo_html/inner_pages/assets/img/brands/brand2.png]
[ui-themez.smartinnovates.net/items/swoo_html/inner_pages/assets/img/brands/brand3.png]
[ui-themez.smartinnovates.net/items/swoo_html/inner_pages/assets/img/brands/brand4.png]
[ui-themez.smartinnovates.net/items/swoo_html/inner_pages/assets/img/brands/brand5.png]
[ui-themez.smartinnovates.net/items/swoo_html/inner_pages/assets/img/addimg.png]
[ui-themez.smartinnovates.net/items/swoo_html/inner_pages/assets/img/products/prod9.png]
[ui-themez.smartinnovates.net/items/swoo_html/inner_pages/assets/img/products/cl_1.jpg]
[ui-themez.smartinnovates.net/items/swoo_html/inner_pages/assets/img/products/prod10.png]
[ui-themez.smartinnovates.net/items/swoo_html/inner_pages/assets/img/products/prod11.png]
[ui-themez.smartinnovates.net/items/swoo_html/inner_pages/assets/img/products/prod12.png]
[ui-themez.smartinnovates.net/items/swoo_html/inner_pages/assets/img/products/prod13.png]
[ui-themez.smartinnovates.net/items/swoo_html/inner_pages/assets/img/products/prod29.png]
[ui-themez.smartinnovates.net/items/swoo_html/inner_pages/assets/img/products/prod30.png]
[ui-themez.smartinnovates.net/items/swoo_html/inner_pages/assets/img/products/prod5.png]
[ui-themez.smartinnovates.net/items/swoo_html/inner_pages/assets/img/products/prod66.png]
[ui-themez.smartinnovates.net/items/swoo_html/inner_pages/assets/img/products/prod67.png]
[ui-themez.smartinnovates.net/items/swoo_html/inner_pages/assets/img/products/prod68.png]
[ui-themez.smartinnovates.net/items/swoo_html/inner_pages/assets/img/products/prod69.png]
[ui-themez.smartinnovates.net/items/swoo_html/inner_pages/assets/img/products/prod70.png]
[ui-themez.smartinnovates.net/items/swoo_html/inner_pages/assets/img/products/prod58.png]
[ui-themez.smartinnovates.net/items/swoo_html/inner_pages/assets/img/products/prod59.png]
[ui-themez.smartinnovates.net/items/swoo_html/inner_pages/assets/img/products/prod60.png]
[ui-themez.smartinnovates.net/items/swoo_html/inner_pages/assets/img/products/prod61.png]
[ui-themez.smartinnovates.net/items/swoo_html/inner_pages/products.html]
[ui-themez.smartinnovates.net/items/swoo_html/inner_pages/assets/img/icons/smile_face.png]
[ui-themez.smartinnovates.net/items/swoo_html/inner_pages/assets/img/sin_product_2/inner_head.png]
[ui-themez.smartinnovates.net/items/swoo_html/inner_pages/assets/img/sin_product_2/cats/cat2.png]
[ui-themez.smartinnovates.net/items/swoo_html/inner_pages/assets/img/sin_product_2/cats/cat3.png]
[ui-themez.smartinnovates.net/items/swoo_html/inner_pages/assets/img/sin_product_2/cats/cat4.png]
[ui-themez.smartinnovates.net/items/swoo_html/inner_pages/assets/img/sin_product_2/cats/cat5.png]
[ui-themez.smartinnovates.net/items/swoo_html/inner_pages/assets/img/sin_product_2/cats/cat6.png]
[ui-themez.smartinnovates.net/items/swoo_html/inner_pages/assets/img/products_2/10a.png]
[ui-themez.smartinnovates.net/items/swoo_html/inner_pages/assets/img/products_2/11a.png]
[ui-themez.smartinnovates.net/items/swoo_html/inner_pages/assets/img/products_2/12a.png]
[ui-themez.smartinnovates.net/items/swoo_html/inner_pages/assets/img/products_2/9a.png]
[ui-themez.smartinnovates.net/items/swoo_html/inner_pages/assets/img/products_2/2a.png]
[ui-themez.smartinnovates.net/items/swoo_html/inner_pages/assets/img/products_2/1a.png]
[ui-themez.smartinnovates.net/items/swoo_html/inner_pages/assets/img/products_2/3a.png]
[ui-themez.smartinnovates.net/items/swoo_html/inner_pages/assets/img/products_2/4a.png]
[ui-themez.smartinnovates.net/items/swoo_html/inner_pages/assets/img/products_2/5a.png]
[ui-themez.smartinnovates.net/items/swoo_html/inner_pages/assets/img/products_2/6a.png]
[ui-themez.smartinnovates.net/items/swoo_html/inner_pages/assets/img/products_2/8a.png]
[ui-themez.smartinnovates.net/items/swoo_html/inner_pages/assets/img/insta/insta1.png]
[ui-themez.smartinnovates.net/items/swoo_html/inner_pages/assets/img/insta/insta2.png]
[ui-themez.smartinnovates.net/items/swoo_html/inner_pages/assets/img/insta/insta3.png]
[ui-themez.smartinnovates.net/items/swoo_html/inner_pages/assets/img/insta/insta4.png]
[ui-themez.smartinnovates.net/items/swoo_html/inner_pages/assets/img/insta/insta5.png]
[ui-themez.smartinnovates.net/items/swoo_html/inner_pages/assets/img/insta/insta6.png]
[ui-themez.smartinnovates.net/items/swoo_html/inner_pages/assets/img/pay/pay1.png]
[ui-themez.smartinnovates.net/items/swoo_html/inner_pages/assets/img/pay/pay2.png]
[ui-themez.smartinnovates.net/items/swoo_html/inner_pages/assets/img/pay/pay3.png]
[ui-themez.smartinnovates.net/items/swoo_html/inner_pages/assets/img/pay/pay4.png]
[ui-themez.smartinnovates.net/items/swoo_html/inner_pages/assets/img/pay/pay5.png]
[ui-themez.smartinnovates.net/items/swoo_html/inner_pages/products_layout_2.html]
[ui-themez.smartinnovates.net/items/swoo_html/inner_pages/cart.html]
[ui-themez.smartinnovates.net/items/swoo_html/inner_pages/assets/img/products/prod37.png]
[ui-themez.smartinnovates.net/items/swoo_html/inner_pages/assets/img/paypal.png]
[ui-themez.smartinnovates.net/items/swoo_html/inner_pages/checkout.html]
[ui-themez.smartinnovates.net/items/swoo_html/inner_pages/assets/img/sin_product/prod1.jpg]
[ui-themez.smartinnovates.net/items/swoo_html/inner_pages/assets/img/sin_product/prod2.jpg]
[ui-themez.smartinnovates.net/items/swoo_html/inner_pages/assets/img/sin_product/prod3.jpg]
[ui-themez.smartinnovates.net/items/swoo_html/inner_pages/assets/img/sin_product/prod4.jpg]
[ui-themez.smartinnovates.net/items/swoo_html/inner_pages/assets/img/sin_product/prod5.jpg]
[ui-themez.smartinnovates.net/items/swoo_html/inner_pages/assets/img/gift.png]
[ui-themez.smartinnovates.net/items/swoo_html/inner_pages/assets/img/affirm.png]
[ui-themez.smartinnovates.net/items/swoo_html/inner_pages/assets/img/pay.png]
[ui-themez.smartinnovates.net/items/swoo_html/inner_pages/assets/img/sin_product/prod6.jpg]
[ui-themez.smartinnovates.net/items/swoo_html/inner_pages/assets/img/sin_product/prod7.jpg]
[ui-themez.smartinnovates.net/items/swoo_html/inner_pages/assets/img/ban1.png]
[ui-themez.smartinnovates.net/items/swoo_html/inner_pages/assets/img/ban2.png]
[ui-themez.smartinnovates.net/items/swoo_html/inner_pages/assets/img/det1.jpg]
[ui-themez.smartinnovates.net/items/swoo_html/inner_pages/assets/img/det2.png]
[ui-themez.smartinnovates.net/items/swoo_html/inner_pages/assets/img/team/2.jpg]
[ui-themez.smartinnovates.net/items/swoo_html/inner_pages/assets/img/team/4.jpg]
[ui-themez.smartinnovates.net/items/swoo_html/inner_pages/single_product.html]
[ui-themez.smartinnovates.net/items/swoo_html/inner_pages/assets/img/products/prod28.png]
[ui-themez.smartinnovates.net/items/swoo_html/inner_pages/assets/img/sin_product/prod8.jpg]
[ui-themez.smartinnovates.net/items/swoo_html/inner_pages/assets/img/sin_product/prod9.jpg]
[ui-themez.smartinnovates.net/items/swoo_html/inner_pages/assets/img/sin_product/prod10.jpg]
[ui-themez.smartinnovates.net/items/swoo_html/inner_pages/assets/img/brands/brand6.png]
[ui-themez.smartinnovates.net/items/swoo_html/inner_pages/assets/img/det4.png]
[ui-themez.smartinnovates.net/items/swoo_html/inner_pages/assets/img/det5.png]
[ui-themez.smartinnovates.net/items/swoo_html/inner_pages/assets/img/det6.png]
[ui-themez.smartinnovates.net/items/swoo_html/inner_pages/assets/img/products/prod1.png]
[ui-themez.smartinnovates.net/items/swoo_html/inner_pages/single_product_pay.html]
[ui-themez.smartinnovates.net/items/swoo_html/home_electronic/assets/css/home_1_style.css]
[ui-themez.smartinnovates.net/items/swoo_html/home_tech/assets/img/banner1.png]
[ui-themez.smartinnovates.net/items/swoo_html/home_tech/assets/css/home_3_style.css]
[ui-themez.smartinnovates.net/items/swoo_html/home_tech/assets/img/header/slider2.png]
[ui-themez.smartinnovates.net/items/swoo_html/home_tech/assets/img/products/prod6.png]
[ui-themez.smartinnovates.net/items/swoo_html/home_baby/assets/css/home_4_style.css]
[ui-themez.smartinnovates.net/items/swoo_html/home_baby/assets/img/m2.png]
[ui-themez.smartinnovates.net/items/swoo_html/home_pets/assets/img/top_bar.png]
[ui-themez.smartinnovates.net/items/swoo_html/home_pets/assets/img/cat_back.png]
[ui-themez.smartinnovates.net/items/swoo_html/home_pets/assets/img/foot_pattern.png]
[ui-themez.smartinnovates.net/items/swoo_html/home_pets/assets/css/home_5_style.css]
[ui-themez.smartinnovates.net/items/swoo_html/common/assets/fonts/webfonts/fa-brands-400.html]
[ui-themez.smartinnovates.net/items/swoo_html/common/assets/fonts/webfonts/fa-brands-400d41d.html]
[ui-themez.smartinnovates.net/items/swoo_html/common/assets/fonts/webfonts/fa-brands-401.html]
[ui-themez.smartinnovates.net/items/swoo_html/common/assets/fonts/webfonts/fa-duotone-900.html]
[ui-themez.smartinnovates.net/items/swoo_html/common/assets/fonts/webfonts/fa-duotone-900d41d.html]
[ui-themez.smartinnovates.net/items/swoo_html/common/assets/fonts/webfonts/fa-duotone-901.html]
[ui-themez.smartinnovates.net/items/swoo_html/common/assets/fonts/webfonts/fa-light-300.html]
[ui-themez.smartinnovates.net/items/swoo_html/common/assets/fonts/webfonts/fa-light-300d41d.html]
[ui-themez.smartinnovates.net/items/swoo_html/common/assets/fonts/webfonts/fa-light-301.html]
[ui-themez.smartinnovates.net/items/swoo_html/common/assets/fonts/webfonts/fa-regular-400.html]
[ui-themez.smartinnovates.net/items/swoo_html/common/assets/fonts/webfonts/fa-regular-400d41d.html]
[ui-themez.smartinnovates.net/items/swoo_html/common/assets/fonts/webfonts/fa-regular-401.html]
[ui-themez.smartinnovates.net/items/swoo_html/common/assets/fonts/webfonts/fa-solid-900.html]
[ui-themez.smartinnovates.net/items/swoo_html/common/assets/fonts/webfonts/fa-solid-900d41d.html]
[ui-themez.smartinnovates.net/items/swoo_html/common/assets/fonts/webfonts/fa-solid-901.html]
[ui-themez.smartinnovates.net/items/swoo_html/common/assets/fonts/line_awesome_1.3.0/la-brands-400.svg]
[ui-themez.smartinnovates.net/items/swoo_html/common/assets/fonts/line_awesome_1.3.0/la-regular-400.svg]
[ui-themez.smartinnovates.net/items/swoo_html/common/assets/fonts/line_awesome_1.3.0/la-solid-900.svg]
[ui-themez.smartinnovates.net/items/swoo_html/common/assets/img/fav2.html]
[ui-themez.smartinnovates.net/items/swoo_html/inner_pages/assets/img/about/ban1.png]
[ui-themez.smartinnovates.net/items/swoo_html/inner_pages/assets/img/banner2.png]
[ui-themez.smartinnovates.net/items/swoo_html/inner_pages/assets/css/inner_pages.css]
[ui-themez.smartinnovates.net/items/swoo_html/inner_pages/assets/img/login.svg]
[ui-themez.smartinnovates.net/items/swoo_html/inner_pages/assets/img/icons/smile_face.html]
[ui-themez.smartinnovates.net/items/swoo_html/inner_pages/assets/img/sin_product_2/cats/cat1.png]
[ui-themez.smartinnovates.net/items/swoo_html/inner_pages/assets/img/header/slider2.png]
[ui-themez.smartinnovates.net/items/swoo_html/inner_pages/assets/img/det3.png]
[ui-themez.smartinnovates.net/items/swoo_html/home_baby/assets/img/milestones.png]
[ui-themez.smartinnovates.net/items/swoo_html/home_baby/assets/css/home_4_style.css]
