[ui-themez.smartinnovates.net/items/swoo_html/home_lighting/index.html]
[backblue.gif]
[fade.gif]
[index.html]
[ui-themez.smartinnovates.net/items/swoo_html/home_lighting/assets/img/fav.png]
[ui-themez.smartinnovates.net/items/swoo_html/common/assets/css/lib/bootstrap.min.css]
[ui-themez.smartinnovates.net/items/swoo_html/common/assets/css/lib/all.min.css]
[ui-themez.smartinnovates.net/items/swoo_html/common/assets/css/lib/line-awesome.css]
[ui-themez.smartinnovates.net/items/swoo_html/common/assets/css/lib/ionicons.css]
[ui-themez.smartinnovates.net/items/swoo_html/common/assets/css/lib/animate.css]
[ui-themez.smartinnovates.net/items/swoo_html/common/assets/css/lib/jquery.fancybox.css]
[ui-themez.smartinnovates.net/items/swoo_html/common/assets/css/lib/lity.css]
[ui-themez.smartinnovates.net/items/swoo_html/common/assets/css/lib/swiper8.min.css]
[ui-themez.smartinnovates.net/items/swoo_html/common/assets/css/lib/iziToast.min.css]
[ui-themez.smartinnovates.net/items/swoo_html/common/assets/css/common_style.css]
[ui-themez.smartinnovates.net/items/swoo_html/home_lighting/assets/css/home_2_style.css]
[ui-themez.smartinnovates.net/items/swoo_html/home_lighting/assets/img/icons/smile_face.png]
[ui-themez.smartinnovates.net/items/swoo_html/home_lighting/assets/img/logo.png]
[ui-themez.smartinnovates.net/items/swoo_html/home_lighting/assets/img/eng.png]
[ui-themez.smartinnovates.net/items/swoo_html/home_lighting/assets/img/header/header1.jpg]
[ui-themez.smartinnovates.net/items/swoo_html/home_lighting/assets/img/header/header2.jpg]
[ui-themez.smartinnovates.net/items/swoo_html/home_lighting/assets/img/header/header3.jpg]
[ui-themez.smartinnovates.net/items/swoo_html/home_lighting/assets/img/catg/ceiling.png]
[ui-themez.smartinnovates.net/items/swoo_html/home_lighting/assets/img/catg/lamps.png]
[ui-themez.smartinnovates.net/items/swoo_html/home_lighting/assets/img/catg/sconces.png]
[ui-themez.smartinnovates.net/items/swoo_html/home_lighting/assets/img/catg/outdoor.png]
[ui-themez.smartinnovates.net/items/swoo_html/home_lighting/assets/img/catg/fan.png]
[ui-themez.smartinnovates.net/items/swoo_html/home_lighting/assets/img/catg/accessories.png]
[ui-themez.smartinnovates.net/items/swoo_html/home_lighting/assets/img/products/2a.png]
[ui-themez.smartinnovates.net/items/swoo_html/home_lighting/assets/img/products/2b.png]
[ui-themez.smartinnovates.net/items/swoo_html/home_lighting/assets/img/products/1a.png]
[ui-themez.smartinnovates.net/items/swoo_html/home_lighting/assets/img/products/1b.png]
[ui-themez.smartinnovates.net/items/swoo_html/home_lighting/assets/img/products/1c.png]
[ui-themez.smartinnovates.net/items/swoo_html/home_lighting/assets/img/products/3a.png]
[ui-themez.smartinnovates.net/items/swoo_html/home_lighting/assets/img/products/4a.png]
[ui-themez.smartinnovates.net/items/swoo_html/home_lighting/assets/img/star.png]
[ui-themez.smartinnovates.net/items/swoo_html/home_lighting/assets/img/rooms/room1.jpg]
[ui-themez.smartinnovates.net/items/swoo_html/home_lighting/assets/img/rooms/room2.jpg]
[ui-themez.smartinnovates.net/items/swoo_html/home_lighting/assets/img/rooms/room3.jpg]
[ui-themez.smartinnovates.net/items/swoo_html/home_lighting/assets/img/rooms/room_det.jpg]
[ui-themez.smartinnovates.net/items/swoo_html/home_lighting/assets/img/products/8a.png]
[ui-themez.smartinnovates.net/items/swoo_html/home_lighting/assets/img/products/7a.png]
[ui-themez.smartinnovates.net/items/swoo_html/home_lighting/assets/img/rooms/room_det2.jpg]
[ui-themez.smartinnovates.net/items/swoo_html/home_lighting/assets/img/products/10a.png]
[ui-themez.smartinnovates.net/items/swoo_html/home_lighting/assets/img/products/11a.png]
[ui-themez.smartinnovates.net/items/swoo_html/home_lighting/assets/img/products/12a.png]
[ui-themez.smartinnovates.net/items/swoo_html/home_lighting/assets/img/products/9a.png]
[ui-themez.smartinnovates.net/items/swoo_html/home_lighting/assets/img/blog/ex1.png]
[ui-themez.smartinnovates.net/items/swoo_html/home_lighting/assets/img/blog/ex2.png]
[ui-themez.smartinnovates.net/items/swoo_html/home_lighting/assets/img/user.png]
[ui-themez.smartinnovates.net/items/swoo_html/home_lighting/assets/img/blog/blog1.jpg]
[ui-themez.smartinnovates.net/items/swoo_html/home_lighting/assets/img/blog/blog2.jpg]
[ui-themez.smartinnovates.net/items/swoo_html/home_lighting/assets/img/blog/blog3.jpg]
[ui-themez.smartinnovates.net/items/swoo_html/home_lighting/assets/img/blog/blog4.jpg]
[ui-themez.smartinnovates.net/items/swoo_html/home_lighting/assets/img/logos/logo1.png]
[ui-themez.smartinnovates.net/items/swoo_html/home_lighting/assets/img/logos/logo2.png]
[ui-themez.smartinnovates.net/items/swoo_html/home_lighting/assets/img/logos/logo3.png]
[ui-themez.smartinnovates.net/items/swoo_html/home_lighting/assets/img/logos/logo4.png]
[ui-themez.smartinnovates.net/items/swoo_html/home_lighting/assets/img/logos/logo5.png]
[ui-themez.smartinnovates.net/items/swoo_html/home_lighting/assets/img/logos/logo6.png]
[ui-themez.smartinnovates.net/items/swoo_html/home_lighting/assets/img/logos/logo7.png]
[ui-themez.smartinnovates.net/items/swoo_html/home_lighting/assets/img/insta/insta1.png]
[ui-themez.smartinnovates.net/items/swoo_html/home_lighting/assets/img/insta/insta2.png]
[ui-themez.smartinnovates.net/items/swoo_html/home_lighting/assets/img/insta/insta3.png]
[ui-themez.smartinnovates.net/items/swoo_html/home_lighting/assets/img/insta/insta4.png]
[ui-themez.smartinnovates.net/items/swoo_html/home_lighting/assets/img/insta/insta5.png]
[ui-themez.smartinnovates.net/items/swoo_html/home_lighting/assets/img/insta/insta6.png]
[ui-themez.smartinnovates.net/items/swoo_html/home_lighting/assets/img/pay/pay1.png]
[ui-themez.smartinnovates.net/items/swoo_html/home_lighting/assets/img/pay/pay2.png]
[ui-themez.smartinnovates.net/items/swoo_html/home_lighting/assets/img/pay/pay3.png]
[ui-themez.smartinnovates.net/items/swoo_html/home_lighting/assets/img/pay/pay4.png]
[ui-themez.smartinnovates.net/items/swoo_html/home_lighting/assets/img/pay/pay5.png]
[ui-themez.smartinnovates.net/items/swoo_html/common/assets/js/lib/jquery-3.0.0.min.js]
[ui-themez.smartinnovates.net/items/swoo_html/common/assets/js/lib/jquery-migrate-3.0.0.min.js]
[ui-themez.smartinnovates.net/items/swoo_html/common/assets/js/lib/bootstrap.bundle.min.js]
[ui-themez.smartinnovates.net/items/swoo_html/common/assets/js/lib/wow.min.js]
[ui-themez.smartinnovates.net/items/swoo_html/common/assets/js/lib/jquery.fancybox.js]
[ui-themez.smartinnovates.net/items/swoo_html/common/assets/js/lib/lity.js]
[ui-themez.smartinnovates.net/items/swoo_html/common/assets/js/lib/swiper8-bundle.min.js]
[ui-themez.smartinnovates.net/items/swoo_html/common/assets/js/lib/jquery.waypoints.min.js]
[ui-themez.smartinnovates.net/items/swoo_html/common/assets/js/lib/jquery.counterup.js]
[ui-themez.smartinnovates.net/items/swoo_html/common/assets/js/lib/parallaxie.js]
[ui-themez.smartinnovates.net/items/swoo_html/common/assets/js/lib/iziToast.min.js]
[ui-themez.smartinnovates.net/items/swoo_html/common/assets/js/gsap_lib/gsap.min.js]
[ui-themez.smartinnovates.net/items/swoo_html/common/assets/js/common_js.js]
[ui-themez.smartinnovates.net/items/swoo_html/home_lighting/index.html]
[ui-themez.smartinnovates.net/items/swoo_html/common/assets/css/lib/bootstrap.min.css]
[ui-themez.smartinnovates.net/items/swoo_html/common/assets/css/lib/all.min.css]
[ui-themez.smartinnovates.net/items/swoo_html/common/assets/css/lib/line-awesome.css]
[ui-themez.smartinnovates.net/items/swoo_html/common/assets/css/lib/ionicons.css]
[ui-themez.smartinnovates.net/items/swoo_html/common/assets/css/lib/animate.css]
[ui-themez.smartinnovates.net/items/swoo_html/common/assets/css/lib/jquery.fancybox.css]
[ui-themez.smartinnovates.net/items/swoo_html/common/assets/css/lib/lity.css]
[ui-themez.smartinnovates.net/items/swoo_html/common/assets/css/lib/swiper8.min.css]
[ui-themez.smartinnovates.net/items/swoo_html/common/assets/css/lib/iziToast.min.css]
[ui-themez.smartinnovates.net/items/swoo_html/common/assets/css/common_style.css]
[ui-themez.smartinnovates.net/items/swoo_html/home_lighting/assets/js/home_2_scripts.js]
[ui-themez.smartinnovates.net/items/swoo_html/home_lighting/assets/fonts/GrayscaleSignature-mL16a.ttf]
[ui-themez.smartinnovates.net/items/swoo_html/home_lighting/assets/css/home_2_style.css]
